Script started on Tue 24 Aug 2021 09:42:26 PM CDT
[?1034hbash-4.2$ git init
Initialized empty Git repository in /home/u3/mto0006/comp-3500/projects/project1/task4/.git/
bash-4.2$ touch cpu.c
bash-4.2$ touch driver.c
bash-4.2$ touch file.c
bash-4.2$ git status
# On branch master
#
# Initial commit
#
# Untracked files:
#   (use "git add <file>..." to include in what will be committed)
#
#	cpu.c
#	driver.c
#	file.c
#	git.script
nothing added to commit but untracked files present (use "git add" to track)
bash-4.2$ git add *.c
bash-4.2$ git status
# On branch master
#
# Initial commit
#
# Changes to be committed:
#   (use "git rm --cached <file>..." to unstage)
#
#	new file:   cpu.c
#	new file:   driver.c
#	new file:   file.c
#
# Untracked files:
#   (use "git add <file>..." to include in what will be committed)
#
#	git.script
bash-4.2$ git commit -m ''[KInitial project 1'
[master (root-commit) 9d2cba9] Initial project 1
 Committer: Midas T Oden <mto0006@tux251.eng.auburn.edu>
Your name and email address were configured automatically based
on your username and hostname. Please check that they are accurate.
You can suppress this message by setting them explicitly:

    git config --global user.name "Your Name"
    git config --global user.email you@example.com

After doing this, you may fix the identity used for this commit with:

    git commit --amend --reset-author

 3 files changed, 0 insertions(+), 0 deletions(-)
 create mode 100644 cpu.c
 create mode 100644 driver.c
 create mode 100644 file.c
bash-4.2$ git r[Kstatus
# On branch master
# Untracked files:
#   (use "git add <file>..." to include in what will be committed)
#
#	git.script
nothing added to commit but untracked files present (use "git add" to track)
bash-4.2$ rm cpu.c 
bash-4.2$ ls
driver.c  file.c  git.script
bash-4.2$ git checkout cpu.c
bash-4.2$ git checkout -b master [K2
Switched to a new branch 'master2'
bash-4.2$ touch cpu2.c
bash-4.2$ git add cpu2.c 
bash-4.2$ git commit -m 'cpu2 is added into master2'
[master2 71c7b46] cpu2 is added into master2
 Committer: Midas T Oden <mto0006@tux251.eng.auburn.edu>
Your name and email address were configured automatically based
on your username and hostname. Please check that they are accurate.
You can suppress this message by setting them explicitly:

    git config --global user.name "Your Name"
    git config --global user.email you@example.com

After doing this, you may fix the identity used for this commit with:

    git commit --amend --reset-author

 1 file changed, 0 insertions(+), 0 deletions(-)
 create mode 100644 cpu2.c
bash-4.2$ git branch
  master
* master2
bash-4.2$ ls
cpu2.c	cpu.c  driver.c  file.c  git.script
bash-4.2$ git checkout master
Switched to branch 'master'
bash-4.2$ ls
cpu.c  driver.c  file.c  git.script
bash-4.2$ git clone -b master /home/u3/mto0006/comp-3500/projects/project1/task4/new_project1
fatal: repository '/home/u3/mto0006/comp-3500/projects/project1/task4/new_project1' does not exist
bash-4.2$ git clone -b master /home/u3/mto0006/comp-3500/projects/project1/task4/new_project1[1Pnew_project1[1Pnew_project1[1Pnew_project1[1Pnew_project1[1Pnew_project1[1Pnew_project1
fatal: repository '/home/u3/mto0006/comp-3500/projects/project1/new_project1' does not exist
bash-4.2$ pwd
/home/u3/mto0006/comp-3500/projects/project1/task4
bash-4.2$ git clone -b master /home/u3/mto0006/comp-3500/projects/project1/task4
Cloning into 'task4'...
done.
bash-4.2$ git clone -b master /home/u3/mto0006/comp-3500/projects/project1/task4[K[K[K[K[Knew_project1
fatal: repository '/home/u3/mto0006/comp-3500/projects/project1/new_project1' does not exist
bash-4.2$ cd[K[Kls
cpu.c  driver.c  file.c  git.script  task4
bash-4.2$ cd ..
bash-4.2$ ls
task1  task2  task3  task4
bash-4.2$ cd task4
bash-4.2$ ls
cpu.c  driver.c  file.c  git.script  task4
bash-4.2$ cd t[K[K[K[Kmv task4/ p[Knew_project1
bash-4.2$ ls
cpu.c  driver.c  file.c  git.script  new_project1
bash-4.2$ cd new_project1/
bash-4.2$ git clone $git clone https://github.com/libgit2/libgit2 [1P[1P[1P[1P[1P[1P[1P[1P[1P[1P[1P
Cloning into 'libgit2'...
remote: Enumerating objects: 110043, done.[K
remote: Counting objects:   0% (1/110043)[Kremote: Counting objects:   1% (1101/110043)[Kremote: Counting objects:   2% (2201/110043)[Kremote: Counting objects:   3% (3302/110043)[Kremote: Counting objects:   4% (4402/110043)[Kremote: Counting objects:   5% (5503/110043)[Kremote: Counting objects:   6% (6603/110043)[Kremote: Counting objects:   7% (7704/110043)[Kremote: Counting objects:   8% (8804/110043)[Kremote: Counting objects:   9% (9904/110043)[Kremote: Counting objects:  10% (11005/110043)[Kremote: Counting objects:  11% (12105/110043)[Kremote: Counting objects:  12% (13206/110043)[Kremote: Counting objects:  13% (14306/110043)[Kremote: Counting objects:  14% (15407/110043)[Kremote: Counting objects:  15% (16507/110043)[Kremote: Counting objects:  16% (17607/110043)[Kremote: Counting objects:  17% (18708/110043)[Kremote: Counting objects:  18% (19808/110043)[Kremote: Counting objects:  19% (20909/110043)[Kremote: Counting objects:  20% (22009/110043)[Kremote: Counting objects:  21% (23110/110043)[Kremote: Counting objects:  22% (24210/110043)[Kremote: Counting objects:  23% (25310/110043)[Kremote: Counting objects:  24% (26411/110043)[Kremote: Counting objects:  25% (27511/110043)[Kremote: Counting objects:  26% (28612/110043)[Kremote: Counting objects:  27% (29712/110043)[Kremote: Counting objects:  28% (30813/110043)[Kremote: Counting objects:  29% (31913/110043)[Kremote: Counting objects:  30% (33013/110043)[Kremote: Counting objects:  31% (34114/110043)[Kremote: Counting objects:  32% (35214/110043)[Kremote: Counting objects:  33% (36315/110043)[Kremote: Counting objects:  34% (37415/110043)[Kremote: Counting objects:  35% (38516/110043)[Kremote: Counting objects:  36% (39616/110043)[Kremote: Counting objects:  37% (40716/110043)[Kremote: Counting objects:  38% (41817/110043)[Kremote: Counting objects:  39% (42917/110043)[Kremote: Counting objects:  40% (44018/110043)[Kremote: Counting objects:  41% (45118/110043)[Kremote: Counting objects:  42% (46219/110043)[Kremote: Counting objects:  43% (47319/110043)[Kremote: Counting objects:  44% (48419/110043)[Kremote: Counting objects:  45% (49520/110043)[Kremote: Counting objects:  46% (50620/110043)[Kremote: Counting objects:  47% (51721/110043)[Kremote: Counting objects:  48% (52821/110043)[Kremote: Counting objects:  49% (53922/110043)[Kremote: Counting objects:  50% (55022/110043)[Kremote: Counting objects:  51% (56122/110043)[Kremote: Counting objects:  52% (57223/110043)[Kremote: Counting objects:  53% (58323/110043)[Kremote: Counting objects:  54% (59424/110043)[Kremote: Counting objects:  55% (60524/110043)[Kremote: Counting objects:  56% (61625/110043)[Kremote: Counting objects:  57% (62725/110043)[Kremote: Counting objects:  58% (63825/110043)[Kremote: Counting objects:  59% (64926/110043)[Kremote: Counting objects:  60% (66026/110043)[Kremote: Counting objects:  61% (67127/110043)[Kremote: Counting objects:  62% (68227/110043)[Kremote: Counting objects:  63% (69328/110043)[Kremote: Counting objects:  64% (70428/110043)[Kremote: Counting objects:  65% (71528/110043)[Kremote: Counting objects:  66% (72629/110043)[Kremote: Counting objects:  67% (73729/110043)[Kremote: Counting objects:  68% (74830/110043)[Kremote: Counting objects:  69% (75930/110043)[Kremote: Counting objects:  70% (77031/110043)[Kremote: Counting objects:  71% (78131/110043)[Kremote: Counting objects:  72% (79231/110043)[Kremote: Counting objects:  73% (80332/110043)[Kremote: Counting objects:  74% (81432/110043)[Kremote: Counting objects:  75% (82533/110043)[Kremote: Counting objects:  76% (83633/110043)[Kremote: Counting objects:  77% (84734/110043)[Kremote: Counting objects:  78% (85834/110043)[Kremote: Counting objects:  79% (86934/110043)[Kremote: Counting objects:  80% (88035/110043)[Kremote: Counting objects:  81% (89135/110043)[Kremote: Counting objects:  82% (90236/110043)[Kremote: Counting objects:  83% (91336/110043)[Kremote: Counting objects:  84% (92437/110043)[Kremote: Counting objects:  85% (93537/110043)[Kremote: Counting objects:  86% (94637/110043)[Kremote: Counting objects:  87% (95738/110043)[Kremote: Counting objects:  88% (96838/110043)[Kremote: Counting objects:  89% (97939/110043)[Kremote: Counting objects:  90% (99039/110043)[Kremote: Counting objects:  91% (100140/110043)[Kremote: Counting objects:  92% (101240/110043)[Kremote: Counting objects:  93% (102340/110043)[Kremote: Counting objects:  94% (103441/110043)[Kremote: Counting objects:  95% (104541/110043)[Kremote: Counting objects:  96% (105642/110043)[Kremote: Counting objects:  97% (106742/110043)[Kremote: Counting objects:  98% (107843/110043)[Kremote: Counting objects:  99% (108943/110043)[Kremote: Counting objects: 100% (110043/110043)[Kremote: Counting objects: 100% (110043/110043), done.[K
remote: Compressing objects:   0% (1/30605)[Kremote: Compressing objects:   1% (307/30605)[Kremote: Compressing objects:   2% (613/30605)[Kremote: Compressing objects:   3% (919/30605)[Kremote: Compressing objects:   4% (1225/30605)[Kremote: Compressing objects:   5% (1531/30605)[Kremote: Compressing objects:   6% (1837/30605)[Kremote: Compressing objects:   7% (2143/30605)[Kremote: Compressing objects:   8% (2449/30605)[Kremote: Compressing objects:   9% (2755/30605)[Kremote: Compressing objects:  10% (3061/30605)[Kremote: Compressing objects:  11% (3367/30605)[Kremote: Compressing objects:  12% (3673/30605)[Kremote: Compressing objects:  13% (3979/30605)[Kremote: Compressing objects:  14% (4285/30605)[Kremote: Compressing objects:  15% (4591/30605)[Kremote: Compressing objects:  16% (4897/30605)[Kremote: Compressing objects:  17% (5203/30605)[Kremote: Compressing objects:  18% (5509/30605)[Kremote: Compressing objects:  19% (5815/30605)[Kremote: Compressing objects:  20% (6121/30605)[Kremote: Compressing objects:  21% (6428/30605)[Kremote: Compressing objects:  22% (6734/30605)[Kremote: Compressing objects:  23% (7040/30605)[Kremote: Compressing objects:  24% (7346/30605)[Kremote: Compressing objects:  25% (7652/30605)[Kremote: Compressing objects:  26% (7958/30605)[Kremote: Compressing objects:  27% (8264/30605)[Kremote: Compressing objects:  28% (8570/30605)[Kremote: Compressing objects:  29% (8876/30605)[Kremote: Compressing objects:  30% (9182/30605)[Kremote: Compressing objects:  31% (9488/30605)[Kremote: Compressing objects:  32% (9794/30605)[Kremote: Compressing objects:  33% (10100/30605)[Kremote: Compressing objects:  34% (10406/30605)[Kremote: Compressing objects:  35% (10712/30605)[Kremote: Compressing objects:  36% (11018/30605)[Kremote: Compressing objects:  37% (11324/30605)[Kremote: Compressing objects:  38% (11630/30605)[Kremote: Compressing objects:  39% (11936/30605)[Kremote: Compressing objects:  40% (12242/30605)[Kremote: Compressing objects:  41% (12549/30605)[Kremote: Compressing objects:  42% (12855/30605)[Kremote: Compressing objects:  43% (13161/30605)[Kremote: Compressing objects:  44% (13467/30605)[Kremote: Compressing objects:  45% (13773/30605)[Kremote: Compressing objects:  46% (14079/30605)[Kremote: Compressing objects:  47% (14385/30605)[Kremote: Compressing objects:  48% (14691/30605)[Kremote: Compressing objects:  49% (14997/30605)[Kremote: Compressing objects:  50% (15303/30605)[Kremote: Compressing objects:  51% (15609/30605)[Kremote: Compressing objects:  52% (15915/30605)[Kremote: Compressing objects:  53% (16221/30605)[Kremote: Compressing objects:  54% (16527/30605)[Kremote: Compressing objects:  55% (16833/30605)[Kremote: Compressing objects:  56% (17139/30605)[Kremote: Compressing objects:  57% (17445/30605)[Kremote: Compressing objects:  58% (17751/30605)[Kremote: Compressing objects:  59% (18057/30605)[Kremote: Compressing objects:  60% (18363/30605)[Kremote: Compressing objects:  61% (18670/30605)[Kremote: Compressing objects:  62% (18976/30605)[Kremote: Compressing objects:  63% (19282/30605)[Kremote: Compressing objects:  64% (19588/30605)[Kremote: Compressing objects:  65% (19894/30605)[Kremote: Compressing objects:  66% (20200/30605)[Kremote: Compressing objects:  67% (20506/30605)[Kremote: Compressing objects:  68% (20812/30605)[Kremote: Compressing objects:  69% (21118/30605)[Kremote: Compressing objects:  70% (21424/30605)[Kremote: Compressing objects:  71% (21730/30605)[Kremote: Compressing objects:  72% (22036/30605)[Kremote: Compressing objects:  73% (22342/30605)[Kremote: Compressing objects:  74% (22648/30605)[Kremote: Compressing objects:  75% (22954/30605)[Kremote: Compressing objects:  76% (23260/30605)[Kremote: Compressing objects:  77% (23566/30605)[Kremote: Compressing objects:  78% (23872/30605)[Kremote: Compressing objects:  79% (24178/30605)[Kremote: Compressing objects:  80% (24484/30605)[Kremote: Compressing objects:  81% (24791/30605)[Kremote: Compressing objects:  82% (25097/30605)[Kremote: Compressing objects:  83% (25403/30605)[Kremote: Compressing objects:  84% (25709/30605)[Kremote: Compressing objects:  85% (26015/30605)[Kremote: Compressing objects:  86% (26321/30605)[Kremote: Compressing objects:  87% (26627/30605)[Kremote: Compressing objects:  88% (26933/30605)[Kremote: Compressing objects:  89% (27239/30605)[Kremote: Compressing objects:  90% (27545/30605)[Kremote: Compressing objects:  91% (27851/30605)[Kremote: Compressing objects:  92% (28157/30605)[Kremote: Compressing objects:  93% (28463/30605)[Kremote: Compressing objects:  94% (28769/30605)[Kremote: Compressing objects:  95% (29075/30605)[Kremote: Compressing objects:  96% (29381/30605)[Kremote: Compressing objects:  97% (29687/30605)[Kremote: Compressing objects:  98% (29993/30605)[Kremote: Compressing objects:  99% (30299/30605)[Kremote: Compressing objects: 100% (30605/30605)[Kremote: Compressing objects: 100% (30605/30605), done.[K
Receiving objects:   0% (1/110043)   Receiving objects:   1% (1101/110043)   Receiving objects:   2% (2201/110043)   Receiving objects:   3% (3302/110043)   Receiving objects:   4% (4402/110043)   Receiving objects:   5% (5503/110043)   Receiving objects:   6% (6603/110043)   Receiving objects:   7% (7704/110043)   Receiving objects:   8% (8804/110043)   Receiving objects:   9% (9904/110043)   Receiving objects:  10% (11005/110043)   Receiving objects:  11% (12105/110043)   Receiving objects:  12% (13206/110043)   Receiving objects:  13% (14306/110043)   Receiving objects:  14% (15407/110043)   Receiving objects:  15% (16507/110043)   Receiving objects:  16% (17607/110043)   Receiving objects:  17% (18708/110043)   Receiving objects:  18% (19808/110043)   Receiving objects:  19% (20909/110043)   Receiving objects:  20% (22009/110043)   Receiving objects:  21% (23110/110043)   Receiving objects:  22% (24210/110043)   Receiving objects:  23% (25310/110043)   Receiving objects:  24% (26411/110043), 10.93 MiB | 21.80 MiB/s   Receiving objects:  25% (27511/110043), 10.93 MiB | 21.80 MiB/s   Receiving objects:  26% (28612/110043), 10.93 MiB | 21.80 MiB/s   Receiving objects:  27% (29712/110043), 10.93 MiB | 21.80 MiB/s   Receiving objects:  28% (30813/110043), 10.93 MiB | 21.80 MiB/s   Receiving objects:  29% (31913/110043), 10.93 MiB | 21.80 MiB/s   Receiving objects:  30% (33013/110043), 10.93 MiB | 21.80 MiB/s   Receiving objects:  31% (34114/110043), 10.93 MiB | 21.80 MiB/s   Receiving objects:  32% (35214/110043), 10.93 MiB | 21.80 MiB/s   Receiving objects:  33% (36315/110043), 10.93 MiB | 21.80 MiB/s   Receiving objects:  34% (37415/110043), 10.93 MiB | 21.80 MiB/s   Receiving objects:  35% (38516/110043), 10.93 MiB | 21.80 MiB/s   Receiving objects:  36% (39616/110043), 10.93 MiB | 21.80 MiB/s   Receiving objects:  37% (40716/110043), 10.93 MiB | 21.80 MiB/s   Receiving objects:  38% (41817/110043), 10.93 MiB | 21.80 MiB/s   Receiving objects:  39% (42917/110043), 10.93 MiB | 21.80 MiB/s   Receiving objects:  40% (44018/110043), 10.93 MiB | 21.80 MiB/s   Receiving objects:  41% (45118/110043), 10.93 MiB | 21.80 MiB/s   Receiving objects:  42% (46219/110043), 10.93 MiB | 21.80 MiB/s   Receiving objects:  43% (47319/110043), 10.93 MiB | 21.80 MiB/s   Receiving objects:  44% (48419/110043), 10.93 MiB | 21.80 MiB/s   Receiving objects:  45% (49520/110043), 10.93 MiB | 21.80 MiB/s   Receiving objects:  45% (49798/110043), 10.93 MiB | 21.80 MiB/s   Receiving objects:  46% (50620/110043), 29.94 MiB | 29.88 MiB/s   Receiving objects:  47% (51721/110043), 29.94 MiB | 29.88 MiB/s   Receiving objects:  48% (52821/110043), 29.94 MiB | 29.88 MiB/s   Receiving objects:  49% (53922/110043), 29.94 MiB | 29.88 MiB/s   Receiving objects:  50% (55022/110043), 29.94 MiB | 29.88 MiB/s   Receiving objects:  51% (56122/110043), 29.94 MiB | 29.88 MiB/s   Receiving objects:  52% (57223/110043), 29.94 MiB | 29.88 MiB/s   Receiving objects:  53% (58323/110043), 29.94 MiB | 29.88 MiB/s   Receiving objects:  54% (59424/110043), 29.94 MiB | 29.88 MiB/s   Receiving objects:  55% (60524/110043), 29.94 MiB | 29.88 MiB/s   Receiving objects:  56% (61625/110043), 29.94 MiB | 29.88 MiB/s   Receiving objects:  57% (62725/110043), 29.94 MiB | 29.88 MiB/s   Receiving objects:  58% (63825/110043), 29.94 MiB | 29.88 MiB/s   Receiving objects:  59% (64926/110043), 29.94 MiB | 29.88 MiB/s   Receiving objects:  60% (66026/110043), 29.94 MiB | 29.88 MiB/s   Receiving objects:  61% (67127/110043), 29.94 MiB | 29.88 MiB/s   Receiving objects:  62% (68227/110043), 29.94 MiB | 29.88 MiB/s   Receiving objects:  63% (69328/110043), 29.94 MiB | 29.88 MiB/s   Receiving objects:  64% (70428/110043), 29.94 MiB | 29.88 MiB/s   Receiving objects:  65% (71528/110043), 29.94 MiB | 29.88 MiB/s   Receiving objects:  66% (72629/110043), 29.94 MiB | 29.88 MiB/s   Receiving objects:  67% (73729/110043), 29.94 MiB | 29.88 MiB/s   Receiving objects:  68% (74830/110043), 29.94 MiB | 29.88 MiB/s   Receiving objects:  69% (75930/110043), 29.94 MiB | 29.88 MiB/s   Receiving objects:  70% (77031/110043), 29.94 MiB | 29.88 MiB/s   Receiving objects:  71% (78131/110043), 29.94 MiB | 29.88 MiB/s   Receiving objects:  72% (79231/110043), 29.94 MiB | 29.88 MiB/s   Receiving objects:  73% (80332/110043), 29.94 MiB | 29.88 MiB/s   Receiving objects:  74% (81432/110043), 29.94 MiB | 29.88 MiB/s   Receiving objects:  75% (82533/110043), 29.94 MiB | 29.88 MiB/s   Receiving objects:  76% (83633/110043), 29.94 MiB | 29.88 MiB/s   Receiving objects:  77% (84734/110043), 29.94 MiB | 29.88 MiB/s   Receiving objects:  78% (85834/110043), 29.94 MiB | 29.88 MiB/s   Receiving objects:  79% (86934/110043), 29.94 MiB | 29.88 MiB/s   Receiving objects:  80% (88035/110043), 29.94 MiB | 29.88 MiB/s   Receiving objects:  81% (89135/110043), 29.94 MiB | 29.88 MiB/s   Receiving objects:  82% (90236/110043), 29.94 MiB | 29.88 MiB/s   Receiving objects:  83% (91336/110043), 29.94 MiB | 29.88 MiB/s   Receiving objects:  84% (92437/110043), 29.94 MiB | 29.88 MiB/s   Receiving objects:  85% (93537/110043), 51.21 MiB | 34.07 MiB/s   Receiving objects:  86% (94637/110043), 51.21 MiB | 34.07 MiB/s   Receiving objects:  87% (95738/110043), 51.21 MiB | 34.07 MiB/s   Receiving objects:  88% (96838/110043), 51.21 MiB | 34.07 MiB/s   Receiving objects:  89% (97939/110043), 51.21 MiB | 34.07 MiB/s   Receiving objects:  90% (99039/110043), 51.21 MiB | 34.07 MiB/s   Receiving objects:  91% (100140/110043), 51.21 MiB | 34.07 MiB/s   Receiving objects:  92% (101240/110043), 51.21 MiB | 34.07 MiB/s   Receiving objects:  93% (102340/110043), 51.21 MiB | 34.07 MiB/s   Receiving objects:  94% (103441/110043), 51.21 MiB | 34.07 MiB/s   Receiving objects:  95% (104541/110043), 51.21 MiB | 34.07 MiB/s   Receiving objects:  96% (105642/110043), 51.21 MiB | 34.07 MiB/s   Receiving objects:  97% (106742/110043), 51.21 MiB | 34.07 MiB/s   Receiving objects:  98% (107843/110043), 51.21 MiB | 34.07 MiB/s   Receiving objects:  99% (108943/110043), 51.21 MiB | 34.07 MiB/s   remote: Total 110043 (delta 77560), reused 109961 (delta 77487), pack-reused 0[K
Receiving objects: 100% (110043/110043), 51.21 MiB | 34.07 MiB/s   Receiving objects: 100% (110043/110043), 55.50 MiB | 34.07 MiB/s, done.
Resolving deltas:   0% (0/77560)   Resolving deltas:   1% (910/77560)   Resolving deltas:   2% (1569/77560)   Resolving deltas:   3% (2351/77560)   Resolving deltas:   4% (3135/77560)   Resolving deltas:   5% (3925/77560)   Resolving deltas:   6% (4748/77560)   Resolving deltas:   7% (5440/77560)   Resolving deltas:   8% (6248/77560)   Resolving deltas:   9% (6999/77560)   Resolving deltas:  10% (7780/77560)   Resolving deltas:  11% (8616/77560)   Resolving deltas:  12% (9528/77560)   Resolving deltas:  13% (10119/77560)   Resolving deltas:  14% (10966/77560)   Resolving deltas:  15% (11639/77560)   Resolving deltas:  16% (12506/77560)   Resolving deltas:  17% (13217/77560)   Resolving deltas:  18% (14012/77560)   Resolving deltas:  19% (14742/77560)   Resolving deltas:  20% (15514/77560)   Resolving deltas:  21% (16411/77560)   Resolving deltas:  22% (17090/77560)   Resolving deltas:  23% (17841/77560)   Resolving deltas:  24% (18839/77560)   Resolving deltas:  25% (19410/77560)   Resolving deltas:  26% (20209/77560)   Resolving deltas:  27% (20947/77560)   Resolving deltas:  28% (21731/77560)   Resolving deltas:  29% (22495/77560)   Resolving deltas:  30% (23278/77560)   Resolving deltas:  31% (24061/77560)   Resolving deltas:  32% (24932/77560)   Resolving deltas:  33% (25596/77560)   Resolving deltas:  34% (26478/77560)   Resolving deltas:  35% (27530/77560)   Resolving deltas:  36% (27931/77560)   Resolving deltas:  37% (28700/77560)   Resolving deltas:  38% (29514/77560)   Resolving deltas:  39% (30309/77560)   Resolving deltas:  40% (31026/77560)   Resolving deltas:  41% (31854/77560)   Resolving deltas:  42% (32581/77560)   Resolving deltas:  43% (33359/77560)   Resolving deltas:  44% (34194/77560)   Resolving deltas:  45% (34965/77560)   Resolving deltas:  46% (35712/77560)   Resolving deltas:  47% (36478/77560)   Resolving deltas:  48% (37279/77560)   Resolving deltas:  49% (38013/77560)   Resolving deltas:  50% (38962/77560)   Resolving deltas:  51% (39557/77560)   Resolving deltas:  52% (40942/77560)   Resolving deltas:  53% (41183/77560)   Resolving deltas:  54% (42069/77560)   Resolving deltas:  55% (42705/77560)   Resolving deltas:  56% (43782/77560)   Resolving deltas:  57% (44372/77560)   Resolving deltas:  58% (45049/77560)   Resolving deltas:  59% (45765/77560)   Resolving deltas:  60% (46567/77560)   Resolving deltas:  61% (47333/77560)   Resolving deltas:  62% (48091/77560)   Resolving deltas:  63% (48874/77560)   Resolving deltas:  64% (49639/77560)   Resolving deltas:  64% (50045/77560)   Resolving deltas:  65% (50421/77560)   Resolving deltas:  66% (51199/77560)   Resolving deltas:  67% (51973/77560)   Resolving deltas:  68% (52743/77560)   Resolving deltas:  69% (53551/77560)   Resolving deltas:  70% (54294/77560)   Resolving deltas:  71% (55074/77560)   Resolving deltas:  72% (55852/77560)   Resolving deltas:  73% (56681/77560)   Resolving deltas:  75% (58258/77560)   Resolving deltas:  76% (58971/77560)   Resolving deltas:  77% (59726/77560)   Resolving deltas:  78% (60498/77560)   Resolving deltas:  79% (61282/77560)   Resolving deltas:  80% (62055/77560)   Resolving deltas:  81% (62833/77560)   Resolving deltas:  82% (63603/77560)   Resolving deltas:  83% (64379/77560)   Resolving deltas:  84% (65173/77560)   Resolving deltas:  84% (65616/77560)   Resolving deltas:  85% (65971/77560)   Resolving deltas:  86% (66705/77560)   Resolving deltas:  87% (67528/77560)   Resolving deltas:  88% (68256/77560)   Resolving deltas:  89% (69141/77560)   Resolving deltas:  90% (69824/77560)   Resolving deltas:  91% (70591/77560)   Resolving deltas:  92% (71364/77560)   Resolving deltas:  93% (72145/77560)   Resolving deltas:  94% (72907/77560)   Resolving deltas:  95% (73700/77560)   Resolving deltas:  96% (74492/77560)   Resolving deltas:  97% (75250/77560)   Resolving deltas:  98% (76098/77560)   Resolving deltas:  99% (76791/77560)   Resolving deltas: 100% (77560/77560)   Resolving deltas: 100% (77560/77560), done.
Checking out files:   2% (308/11375)   Checking out files:   3% (342/11375)   Checking out files:   4% (455/11375)   Checking out files:   5% (569/11375)   Checking out files:   5% (649/11375)   Checking out files:   6% (683/11375)   Checking out files:   7% (797/11375)   Checking out files:   8% (910/11375)   Checking out files:   8% (970/11375)   Checking out files:   9% (1024/11375)   Checking out files:  10% (1138/11375)   Checking out files:  11% (1252/11375)   Checking out files:  11% (1319/11375)   Checking out files:  12% (1365/11375)   Checking out files:  13% (1479/11375)   Checking out files:  14% (1593/11375)   Checking out files:  14% (1636/11375)   Checking out files:  15% (1707/11375)   Checking out files:  16% (1820/11375)   Checking out files:  16% (1925/11375)   Checking out files:  17% (1934/11375)   Checking out files:  18% (2048/11375)   Checking out files:  19% (2162/11375)   Checking out files:  19% (2201/11375)   Checking out files:  20% (2275/11375)   Checking out files:  21% (2389/11375)   Checking out files:  21% (2442/11375)   Checking out files:  22% (2503/11375)   Checking out files:  23% (2617/11375)   Checking out files:  23% (2654/11375)   Checking out files:  24% (2730/11375)   Checking out files:  25% (2844/11375)   Checking out files:  25% (2900/11375)   Checking out files:  26% (2958/11375)   Checking out files:  27% (3072/11375)   Checking out files:  28% (3185/11375)   Checking out files:  28% (3226/11375)   Checking out files:  29% (3299/11375)   Checking out files:  30% (3413/11375)   Checking out files:  31% (3527/11375)   Checking out files:  31% (3567/11375)   Checking out files:  32% (3640/11375)   Checking out files:  33% (3754/11375)   Checking out files:  34% (3868/11375)   Checking out files:  34% (3895/11375)   Checking out files:  35% (3982/11375)   Checking out files:  36% (4095/11375)   Checking out files:  37% (4209/11375)   Checking out files:  37% (4230/11375)   Checking out files:  38% (4323/11375)   Checking out files:  39% (4437/11375)   Checking out files:  40% (4550/11375)   Checking out files:  40% (4554/11375)   Checking out files:  41% (4664/11375)   Checking out files:  42% (4778/11375)   Checking out files:  43% (4892/11375)   Checking out files:  43% (4905/11375)   Checking out files:  44% (5005/11375)   Checking out files:  45% (5119/11375)   Checking out files:  46% (5233/11375)   Checking out files:  46% (5239/11375)   Checking out files:  47% (5347/11375)   Checking out files:  48% (5460/11375)   Checking out files:  49% (5574/11375)   Checking out files:  49% (5578/11375)   Checking out files:  50% (5688/11375)   Checking out files:  51% (5802/11375)   Checking out files:  52% (5915/11375)   Checking out files:  52% (5947/11375)   Checking out files:  53% (6029/11375)   Checking out files:  54% (6143/11375)   Checking out files:  55% (6257/11375)   Checking out files:  55% (6283/11375)   Checking out files:  56% (6370/11375)   Checking out files:  57% (6484/11375)   Checking out files:  58% (6598/11375)   Checking out files:  58% (6609/11375)   Checking out files:  59% (6712/11375)   Checking out files:  60% (6825/11375)   Checking out files:  60% (6934/11375)   Checking out files:  61% (6939/11375)   Checking out files:  62% (7053/11375)   Checking out files:  63% (7167/11375)   Checking out files:  63% (7277/11375)   Checking out files:  64% (7280/11375)   Checking out files:  65% (7394/11375)   Checking out files:  66% (7508/11375)   Checking out files:  66% (7606/11375)   Checking out files:  67% (7622/11375)   Checking out files:  68% (7735/11375)   Checking out files:  69% (7849/11375)   Checking out files:  69% (7943/11375)   Checking out files:  70% (7963/11375)   Checking out files:  71% (8077/11375)   Checking out files:  72% (8190/11375)   Checking out files:  72% (8272/11375)   Checking out files:  73% (8304/11375)   Checking out files:  74% (8418/11375)   Checking out files:  74% (8486/11375)   Checking out files:  75% (8532/11375)   Checking out files:  76% (8645/11375)   Checking out files:  76% (8699/11375)   Checking out files:  77% (8759/11375)   Checking out files:  78% (8873/11375)   Checking out files:  78% (8941/11375)   Checking out files:  79% (8987/11375)   Checking out files:  80% (9100/11375)   Checking out files:  80% (9186/11375)   Checking out files:  81% (9214/11375)   Checking out files:  82% (9328/11375)   Checking out files:  82% (9428/11375)   Checking out files:  83% (9442/11375)   Checking out files:  84% (9555/11375)   Checking out files:  84% (9650/11375)   Checking out files:  85% (9669/11375)   Checking out files:  86% (9783/11375)   Checking out files:  86% (9864/11375)   Checking out files:  87% (9897/11375)   Checking out files:  88% (10010/11375)   Checking out files:  88% (10079/11375)   Checking out files:  89% (10124/11375)   Checking out files:  90% (10238/11375)   Checking out files:  90% (10289/11375)   Checking out files:  91% (10352/11375)   Checking out files:  92% (10465/11375)   Checking out files:  92% (10484/11375)   Checking out files:  93% (10579/11375)   Checking out files:  93% (10686/11375)   Checking out files:  94% (10693/11375)   Checking out files:  95% (10807/11375)   Checking out files:  95% (10901/11375)   Checking out files:  96% (10920/11375)   Checking out files:  97% (11034/11375)   Checking out files:  97% (11119/11375)   Checking out files:  98% (11148/11375)   Checking out files:  99% (11262/11375)   Checking out files:  99% (11329/11375)   Checking out files: 100% (11375/11375)   Checking out files: 100% (11375/11375), done.
bash-4.2$ git status
# On branch master
# Untracked files:
#   (use "git add <file>..." to include in what will be committed)
#
#	libgit2/
nothing added to commit but untracked files present (use "git add" to track)
bash-4.2$ git add READMD[KE
fatal: pathspec 'README' did not match any files
bash-4.2$ git add README.md
fatal: pathspec 'README.md' did not match any files
bash-4.2$ ls
cpu.c  driver.c  file.c  libgit2
bash-4.2$ cd libgit2/[K[K[K[K[K[K[K[K[K[K[Kgot[K[K[Kgit f[Kdiff
[?1h=[K[?1l>bash-4.2$ git commit
# On branch master
# Untracked files:
#   (use "git add <file>..." to include in what will be committed)
#
#	libgit2/
nothing added to commit but untracked files present (use "git add" to track)
bash-4.2$ gitl[K log
[?1h=commit 9d2cba962e915969bc4d7c7fa54cf499d1547d62[m
Author: Midas T Oden <mto0006@tux251.eng.auburn.edu>[m
Date:   Tue Aug 24 21:43:25 2021 -0500[m
[m
    Initial project 1[m
[K[?1l>bash-4.2$ exit
exit

Script done on Tue 24 Aug 2021 09:49:21 PM CDT
